Archive member included to satisfy reference by file (symbol)

c:/st/stm32cubeide_1.7.0/stm32cubeide/plugins/com.st.stm32cube.ide.mcu.externaltools.gnu-tools-for-stm32.9-2020-q2-update.win32_2.0.0.202105311346/tools/bin/../lib/gcc/arm-none-eabi/9.3.1/../../../../arm-none-eabi/lib/thumb/v7e-m+fp/hard\libc_nano.a(lib_a-errno.o)
                              ./Core/Src/syscalls.o (__errno)
c:/st/stm32cubeide_1.7.0/stm32cubeide/plugins/com.st.stm32cube.ide.mcu.externaltools.gnu-tools-for-stm32.9-2020-q2-update.win32_2.0.0.202105311346/tools/bin/../lib/gcc/arm-none-eabi/9.3.1/../../../../arm-none-eabi/lib/thumb/v7e-m+fp/hard\libc_nano.a(lib_a-exit.o)
                              c:/st/stm32cubeide_1.7.0/stm32cubeide/plugins/com.st.stm32cube.ide.mcu.externaltools.gnu-tools-for-stm32.9-2020-q2-update.win32_2.0.0.202105311346/tools/bin/../lib/gcc/arm-none-eabi/9.3.1/../../../../arm-none-eabi/lib/thumb/v7e-m+fp/hard/crt0.o (exit)
c:/st/stm32cubeide_1.7.0/stm32cubeide/plugins/com.st.stm32cube.ide.mcu.externaltools.gnu-tools-for-stm32.9-2020-q2-update.win32_2.0.0.202105311346/tools/bin/../lib/gcc/arm-none-eabi/9.3.1/../../../../arm-none-eabi/lib/thumb/v7e-m+fp/hard\libc_nano.a(lib_a-impure.o)
                              c:/st/stm32cubeide_1.7.0/stm32cubeide/plugins/com.st.stm32cube.ide.mcu.externaltools.gnu-tools-for-stm32.9-2020-q2-update.win32_2.0.0.202105311346/tools/bin/../lib/gcc/arm-none-eabi/9.3.1/../../../../arm-none-eabi/lib/thumb/v7e-m+fp/hard\libc_nano.a(lib_a-exit.o) (_global_impure_ptr)
c:/st/stm32cubeide_1.7.0/stm32cubeide/plugins/com.st.stm32cube.ide.mcu.externaltools.gnu-tools-for-stm32.9-2020-q2-update.win32_2.0.0.202105311346/tools/bin/../lib/gcc/arm-none-eabi/9.3.1/../../../../arm-none-eabi/lib/thumb/v7e-m+fp/hard\libc_nano.a(lib_a-init.o)
                              c:/st/stm32cubeide_1.7.0/stm32cubeide/plugins/com.st.stm32cube.ide.mcu.externaltools.gnu-tools-for-stm32.9-2020-q2-update.win32_2.0.0.202105311346/tools/bin/../lib/gcc/arm-none-eabi/9.3.1/../../../../arm-none-eabi/lib/thumb/v7e-m+fp/hard/crt0.o (__libc_init_array)
c:/st/stm32cubeide_1.7.0/stm32cubeide/plugins/com.st.stm32cube.ide.mcu.externaltools.gnu-tools-for-stm32.9-2020-q2-update.win32_2.0.0.202105311346/tools/bin/../lib/gcc/arm-none-eabi/9.3.1/../../../../arm-none-eabi/lib/thumb/v7e-m+fp/hard\libc_nano.a(lib_a-itoa.o)
                              ./Core/Src/main.o (itoa)
c:/st/stm32cubeide_1.7.0/stm32cubeide/plugins/com.st.stm32cube.ide.mcu.externaltools.gnu-tools-for-stm32.9-2020-q2-update.win32_2.0.0.202105311346/tools/bin/../lib/gcc/arm-none-eabi/9.3.1/../../../../arm-none-eabi/lib/thumb/v7e-m+fp/hard\libc_nano.a(lib_a-memset.o)
                              c:/st/stm32cubeide_1.7.0/stm32cubeide/plugins/com.st.stm32cube.ide.mcu.externaltools.gnu-tools-for-stm32.9-2020-q2-update.win32_2.0.0.202105311346/tools/bin/../lib/gcc/arm-none-eabi/9.3.1/../../../../arm-none-eabi/lib/thumb/v7e-m+fp/hard/crt0.o (memset)
c:/st/stm32cubeide_1.7.0/stm32cubeide/plugins/com.st.stm32cube.ide.mcu.externaltools.gnu-tools-for-stm32.9-2020-q2-update.win32_2.0.0.202105311346/tools/bin/../lib/gcc/arm-none-eabi/9.3.1/../../../../arm-none-eabi/lib/thumb/v7e-m+fp/hard\libc_nano.a(lib_a-utoa.o)
                              c:/st/stm32cubeide_1.7.0/stm32cubeide/plugins/com.st.stm32cube.ide.mcu.externaltools.gnu-tools-for-stm32.9-2020-q2-update.win32_2.0.0.202105311346/tools/bin/../lib/gcc/arm-none-eabi/9.3.1/../../../../arm-none-eabi/lib/thumb/v7e-m+fp/hard\libc_nano.a(lib_a-itoa.o) (__utoa)
c:/st/stm32cubeide_1.7.0/stm32cubeide/plugins/com.st.stm32cube.ide.mcu.externaltools.gnu-tools-for-stm32.9-2020-q2-update.win32_2.0.0.202105311346/tools/bin/../lib/gcc/arm-none-eabi/9.3.1/thumb/v7e-m+fp/hard\libgcc.a(_aeabi_uldivmod.o)
                              ./Drivers/STM32F4xx_HAL_Driver/Src/stm32f4xx_hal_rcc.o (__aeabi_uldivmod)
c:/st/stm32cubeide_1.7.0/stm32cubeide/plugins/com.st.stm32cube.ide.mcu.externaltools.gnu-tools-for-stm32.9-2020-q2-update.win32_2.0.0.202105311346/tools/bin/../lib/gcc/arm-none-eabi/9.3.1/thumb/v7e-m+fp/hard\libgcc.a(_udivmoddi4.o)
                              c:/st/stm32cubeide_1.7.0/stm32cubeide/plugins/com.st.stm32cube.ide.mcu.externaltools.gnu-tools-for-stm32.9-2020-q2-update.win32_2.0.0.202105311346/tools/bin/../lib/gcc/arm-none-eabi/9.3.1/thumb/v7e-m+fp/hard\libgcc.a(_aeabi_uldivmod.o) (__udivmoddi4)
c:/st/stm32cubeide_1.7.0/stm32cubeide/plugins/com.st.stm32cube.ide.mcu.externaltools.gnu-tools-for-stm32.9-2020-q2-update.win32_2.0.0.202105311346/tools/bin/../lib/gcc/arm-none-eabi/9.3.1/thumb/v7e-m+fp/hard\libgcc.a(_dvmd_tls.o)
                              c:/st/stm32cubeide_1.7.0/stm32cubeide/plugins/com.st.stm32cube.ide.mcu.externaltools.gnu-tools-for-stm32.9-2020-q2-update.win32_2.0.0.202105311346/tools/bin/../lib/gcc/arm-none-eabi/9.3.1/thumb/v7e-m+fp/hard\libgcc.a(_aeabi_uldivmod.o) (__aeabi_ldiv0)

Allocating common symbols
Common symbol       size              file

[...]
Memory Configuration

Name             Origin             Length             Attributes
RAM              0x0000000020000000 0x0000000000020000 xrw
FLASH            0x0000000008000000 0x0000000000080000 xr
*default*        0x0000000000000000 0xffffffffffffffff

Linker script and memory map

LOAD c:/st/stm32cubeide_1.7.0/stm32cubeide/plugins/com.st.stm32cube.ide.mcu.externaltools.gnu-tools-for-stm32.9-2020-q2-update.win32_2.0.0.202105311346/tools/bin/../lib/gcc/arm-none-eabi/9.3.1/thumb/v7e-m+fp/hard/crti.o
LOAD c:/st/stm32cubeide_1.7.0/stm32cubeide/plugins/com.st.stm32cube.ide.mcu.externaltools.gnu-tools-for-stm32.9-2020-q2-update.win32_2.0.0.202105311346/tools/bin/../lib/gcc/arm-none-eabi/9.3.1/thumb/v7e-m+fp/hard/crtbegin.o
LOAD c:/st/stm32cubeide_1.7.0/stm32cubeide/plugins/com.st.stm32cube.ide.mcu.externaltools.gnu-tools-for-stm32.9-2020-q2-update.win32_2.0.0.202105311346/tools/bin/../lib/gcc/arm-none-eabi/9.3.1/../../../../arm-none-eabi/lib/thumb/v7e-m+fp/hard/crt0.o
LOAD ./Core/Src/LCD1602.o
LOAD ./Core/Src/main.o
LOAD ./Core/Src/max_matrix_stm32.o
LOAD ./Core/Src/stm32f4xx_hal_msp.o
LOAD ./Core/Src/stm32f4xx_it.o
LOAD ./Core/Src/syscalls.o
LOAD ./Core/Src/sysmem.o
LOAD ./Core/Src/system_stm32f4xx.o
LOAD ./Core/Startup/startup_stm32f446retx.o
LOAD ./Drivers/STM32F4xx_HAL_Driver/Src/stm32f4xx_hal.o
LOAD ./Drivers/STM32F4xx_HAL_Driver/Src/stm32f4xx_hal_cortex.o
LOAD ./Drivers/STM32F4xx_HAL_Driver/Src/stm32f4xx_hal_dma.o
LOAD ./Drivers/STM32F4xx_HAL_Driver/Src/stm32f4xx_hal_dma_ex.o
LOAD ./Drivers/STM32F4xx_HAL_Driver/Src/stm32f4xx_hal_exti.o
LOAD ./Drivers/STM32F4xx_HAL_Driver/Src/stm32f4xx_hal_flash.o
LOAD ./Drivers/STM32F4xx_HAL_Driver/Src/stm32f4xx_hal_flash_ex.o
LOAD ./Drivers/STM32F4xx_HAL_Driver/Src/stm32f4xx_hal_flash_ramfunc.o
LOAD ./Drivers/STM32F4xx_HAL_Driver/Src/stm32f4xx_hal_gpio.o
LOAD ./Drivers/STM32F4xx_HAL_Driver/Src/stm32f4xx_hal_pwr.o
LOAD ./Drivers/STM32F4xx_HAL_Driver/Src/stm32f4xx_hal_pwr_ex.o
LOAD ./Drivers/STM32F4xx_HAL_Driver/Src/stm32f4xx_hal_rcc.o
LOAD ./Drivers/STM32F4xx_HAL_Driver/Src/stm32f4xx_hal_rcc_ex.o
LOAD ./Drivers/STM32F4xx_HAL_Driver/Src/stm32f4xx_hal_tim.o
LOAD ./Drivers/STM32F4xx_HAL_Driver/Src/stm32f4xx_hal_tim_ex.o
LOAD ./Drivers/STM32F4xx_HAL_Driver/Src/stm32f4xx_hal_uart.o
START GROUP
LOAD c:/st/stm32cubeide_1.7.0/stm32cubeide/plugins/com.st.stm32cube.ide.mcu.externaltools.gnu-tools-for-stm32.9-2020-q2-update.win32_2.0.0.202105311346/tools/bin/../lib/gcc/arm-none-eabi/9.3.1/../../../../arm-none-eabi/lib/thumb/v7e-m+fp/hard\libc_nano.a
LOAD c:/st/stm32cubeide_1.7.0/stm32cubeide/plugins/com.st.stm32cube.ide.mcu.externaltools.gnu-tools-for-stm32.9-2020-q2-update.win32_2.0.0.202105311346/tools/bin/../lib/gcc/arm-none-eabi/9.3.1/../../../../arm-none-eabi/lib/thumb/v7e-m+fp/hard\libm.a
END GROUP
START GROUP
LOAD c:/st/stm32cubeide_1.7.0/stm32cubeide/plugins/com.st.stm32cube.ide.mcu.externaltools.gnu-tools-for-stm32.9-2020-q2-update.win32_2.0.0.202105311346/tools/bin/../lib/gcc/arm-none-eabi/9.3.1/thumb/v7e-m+fp/hard\libgcc.a
LOAD c:/st/stm32cubeide_1.7.0/stm32cubeide/plugins/com.st.stm32cube.ide.mcu.externaltools.gnu-tools-for-stm32.9-2020-q2-update.win32_2.0.0.202105311346/tools/bin/../lib/gcc/arm-none-eabi/9.3.1/../../../../arm-none-eabi/lib/thumb/v7e-m+fp/hard\libc_nano.a
END GROUP
START GROUP
LOAD c:/st/stm32cubeide_1.7.0/stm32cubeide/plugins/com.st.stm32cube.ide.mcu.externaltools.gnu-tools-for-stm32.9-2020-q2-update.win32_2.0.0.202105311346/tools/bin/../lib/gcc/arm-none-eabi/9.3.1/thumb/v7e-m+fp/hard\libgcc.a
LOAD c:/st/stm32cubeide_1.7.0/stm32cubeide/plugins/com.st.stm32cube.ide.mcu.externaltools.gnu-tools-for-stm32.9-2020-q2-update.win32_2.0.0.202105311346/tools/bin/../lib/gcc/arm-none-eabi/9.3.1/../../../../arm-none-eabi/lib/thumb/v7e-m+fp/hard\libc_nano.a
LOAD c:/st/stm32cubeide_1.7.0/stm32cubeide/plugins/com.st.stm32cube.ide.mcu.externaltools.gnu-tools-for-stm32.9-2020-q2-update.win32_2.0.0.202105311346/tools/bin/../lib/gcc/arm-none-eabi/9.3.1/../../../../arm-none-eabi/lib/thumb/v7e-m+fp/hard\libnosys.a
END GROUP
START GROUP
LOAD c:/st/stm32cubeide_1.7.0/stm32cubeide/plugins/com.st.stm32cube.ide.mcu.externaltools.gnu-tools-for-stm32.9-2020-q2-update.win32_2.0.0.202105311346/tools/bin/../lib/gcc/arm-none-eabi/9.3.1/thumb/v7e-m+fp/hard\libgcc.a
LOAD c:/st/stm32cubeide_1.7.0/stm32cubeide/plugins/com.st.stm32cube.ide.mcu.externaltools.gnu-tools-for-stm32.9-2020-q2-update.win32_2.0.0.202105311346/tools/bin/../lib/gcc/arm-none-eabi/9.3.1/../../../../arm-none-eabi/lib/thumb/v7e-m+fp/hard\libc_nano.a
LOAD c:/st/stm32cubeide_1.7.0/stm32cubeide/plugins/com.st.stm32cube.ide.mcu.externaltools.gnu-tools-for-stm32.9-2020-q2-update.win32_2.0.0.202105311346/tools/bin/../lib/gcc/arm-none-eabi/9.3.1/../../../../arm-none-eabi/lib/thumb/v7e-m+fp/hard\libnosys.a
END GROUP
LOAD c:/st/stm32cubeide_1.7.0/stm32cubeide/plugins/com.st.stm32cube.ide.mcu.externaltools.gnu-tools-for-stm32.9-2020-q2-update.win32_2.0.0.202105311346/tools/bin/../lib/gcc/arm-none-eabi/9.3.1/thumb/v7e-m+fp/hard/crtend.o
LOAD c:/st/stm32cubeide_1.7.0/stm32cubeide/plugins/com.st.stm32cube.ide.mcu.externaltools.gnu-tools-for-stm32.9-2020-q2-update.win32_2.0.0.202105311346/tools/bin/../lib/gcc/arm-none-eabi/9.3.1/thumb/v7e-m+fp/hard/crtn.o
                0x0000000020020000                _estack = (ORIGIN (RAM) + LENGTH (RAM))
                0x0000000000000200                _Min_Heap_Size = 0x200
                0x0000000000000400                _Min_Stack_Size = 0x400

.isr_vector     0x0000000008000000      0x1c4
                0x0000000008000000                . = ALIGN (0x4)
 *(.isr_vector)
 .isr_vector    0x0000000008000000      0x1c4 ./Core/Startup/startup_stm32f446retx.o
                0x0000000008000000                g_pfnVectors
                0x00000000080001c4                . = ALIGN (0x4)

.text           0x00000000080001c4     0x4504
                0x00000000080001c4                . = ALIGN (0x4)
 *(.text)
 .text          0x00000000080001c4       0x40 c:/st/stm32cubeide_1.7.0/stm32cubeide/plugins/com.st.stm32cube.ide.mcu.externaltools.gnu-tools-for-stm32.9-2020-q2-update.win32_2.0.0.202105311346/tools/bin/../lib/gcc/arm-none-eabi/9.3.1/thumb/v7e-m+fp/hard/crtbegin.o
 .text          0x0000000008000204       0x30 c:/st/stm32cubeide_1.7.0/stm32cubeide/plugins/com.st.stm32cube.ide.mcu.externaltools.gnu-tools-for-stm32.9-2020-q2-update.win32_2.0.0.202105311346/tools/bin/../lib/gcc/arm-none-eabi/9.3.1/thumb/v7e-m+fp/hard\libgcc.a(_aeabi_uldivmod.o)
                0x0000000008000204                __aeabi_uldivmod
 .text          0x0000000008000234      0x2c4 c:/st/stm32cubeide_1.7.0/stm32cubeide/plugins/com.st.stm32cube.ide.mcu.externaltools.gnu-tools-for-stm32.9-2020-q2-update.win32_2.0.0.202105311346/tools/bin/../lib/gcc/arm-none-eabi/9.3.1/thumb/v7e-m+fp/hard\libgcc.a(_udivmoddi4.o)
                0x0000000008000234                __udivmoddi4
 .text          0x00000000080004f8        0x4 c:/st/stm32cubeide_1.7.0/stm32cubeide/plugins/com.st.stm32cube.ide.mcu.externaltools.gnu-tools-for-stm32.9-2020-q2-update.win32_2.0.0.202105311346/tools/bin/../lib/gcc/arm-none-eabi/9.3.1/thumb/v7e-m+fp/hard\libgcc.a(_dvmd_tls.o)
                0x00000000080004f8                __aeabi_idiv0
                0x00000000080004f8                __aeabi_ldiv0
 *(.text*)
 .text.delay    0x00000000080004fc       0x34 ./Core/Src/LCD1602.o
                0x00000000080004fc                delay
 .text.send_to_lcd
                0x0000000008000530       0x9c ./Core/Src/LCD1602.o
                0x0000000008000530                send_to_lcd
 .text.lcd_send_cmd
                0x00000000080005cc       0x34 ./Core/Src/LCD1602.o
                0x00000000080005cc                lcd_send_cmd
 .text.lcd_send_data
                0x0000000008000600       0x34 ./Core/Src/LCD1602.o
                0x0000000008000600                lcd_send_data
 .text.lcd_clear
                0x0000000008000634       0x14 ./Core/Src/LCD1602.o
                0x0000000008000634                lcd_clear
 .text.lcd_put_cur
                0x0000000008000648       0x3e ./Core/Src/LCD1602.o
                0x0000000008000648                lcd_put_cur
 .text.lcd_init
                0x0000000008000686       0x7a ./Core/Src/LCD1602.o
                0x0000000008000686                lcd_init
 .text.lcd_send_string
                0x0000000008000700       0x2a ./Core/Src/LCD1602.o
                0x0000000008000700                lcd_send_string
 *fill*         0x000000000800072a        0x2 
 .text.stepper_pines_iz
                0x000000000800072c       0xe4 ./Core/Src/main.o
                0x000000000800072c                stepper_pines_iz
 .text.stepper_pines_der
                0x0000000008000810       0xe4 ./Core/Src/main.o
                0x0000000008000810                stepper_pines_der
 .text.pineskey
                0x00000000080008f4       0x74 ./Core/Src/main.o
                0x00000000080008f4                pineskey
 .text.HAL_GPIO_EXTI_Callback
                0x0000000008000968      0x1b8 ./Core/Src/main.o
                0x0000000008000968                HAL_GPIO_EXTI_Callback
 .text.org      0x0000000008000b20       0x44 ./Core/Src/main.o
                0x0000000008000b20                org
 .text.intro    0x0000000008000b64       0x54 ./Core/Src/main.o
                0x0000000008000b64                intro
 .text.main     0x0000000008000bb8      0x688 ./Core/Src/main.o
                0x0000000008000bb8                main
 .text.SystemClock_Config
                0x0000000008001240       0xe4 ./Core/Src/main.o
                0x0000000008001240                SystemClock_Config
 .text.MX_TIM1_Init
                0x0000000008001324      0x144 ./Core/Src/main.o
 .text.MX_TIM2_Init
                0x0000000008001468       0x98 ./Core/Src/main.o
 .text.MX_USART2_UART_Init
                0x0000000008001500       0x54 ./Core/Src/main.o
 .text.MX_GPIO_Init
                0x0000000008001554      0x1a4 ./Core/Src/main.o
 .text.Error_Handler
                0x00000000080016f8        0xa ./Core/Src/main.o
                0x00000000080016f8                Error_Handler
 *fill*         0x0000000008001702        0x2 
 .text.write_byte
                0x0000000008001704       0x5c ./Core/Src/max_matrix_stm32.o
                0x0000000008001704                write_byte
 .text.write_max_cmd
                0x0000000008001760       0x5c ./Core/Src/max_matrix_stm32.o
                0x0000000008001760                write_max_cmd
 .text.setled   0x00000000080017bc       0xd4 ./Core/Src/max_matrix_stm32.o
                0x00000000080017bc                setled
 .text.setrow   0x0000000008001890       0xa0 ./Core/Src/max_matrix_stm32.o
                0x0000000008001890                setrow
 .text.write_char
                0x0000000008001930       0x74 ./Core/Src/max_matrix_stm32.o
                0x0000000008001930                write_char
 .text.max_clear
                0x00000000080019a4       0x5c ./Core/Src/max_matrix_stm32.o
                0x00000000080019a4                max_clear
 .text.max_init
                0x0000000008001a00       0x40 ./Core/Src/max_matrix_stm32.o
                0x0000000008001a00                max_init
 .text.HAL_MspInit
                0x0000000008001a40       0x50 ./Core/Src/stm32f4xx_hal_msp.o
                0x0000000008001a40                HAL_MspInit
 .text.HAL_TIM_Base_MspInit
                0x0000000008001a90       0xa8 ./Core/Src/stm32f4xx_hal_msp.o
                0x0000000008001a90                HAL_TIM_Base_MspInit
 .text.HAL_TIM_MspPostInit
                0x0000000008001b38       0x74 ./Core/Src/stm32f4xx_hal_msp.o
                0x0000000008001b38                HAL_TIM_MspPostInit
 .text.HAL_UART_MspInit
                0x0000000008001bac       0x90 ./Core/Src/stm32f4xx_hal_msp.o
                0x0000000008001bac                HAL_UART_MspInit
 .text.NMI_Handler
                0x0000000008001c3c        0x6 ./Core/Src/stm32f4xx_it.o
                0x0000000008001c3c                NMI_Handler
 .text.HardFault_Handler
                0x0000000008001c42        0x6 ./Core/Src/stm32f4xx_it.o
                0x0000000008001c42                HardFault_Handler
 .text.MemManage_Handler
                0x0000000008001c48        0x6 ./Core/Src/stm32f4xx_it.o
                0x0000000008001c48                MemManage_Handler
 .text.BusFault_Handler
                0x0000000008001c4e        0x6 ./Core/Src/stm32f4xx_it.o
                0x0000000008001c4e                BusFault_Handler
 .text.UsageFault_Handler
                0x0000000008001c54        0x6 ./Core/Src/stm32f4xx_it.o
                0x0000000008001c54                UsageFault_Handler
 .text.SVC_Handler
                0x0000000008001c5a        0xe ./Core/Src/stm32f4xx_it.o
                0x0000000008001c5a                SVC_Handler
 .text.DebugMon_Handler
                0x0000000008001c68        0xe ./Core/Src/stm32f4xx_it.o
                0x0000000008001c68                DebugMon_Handler
 .text.PendSV_Handler
                0x0000000008001c76        0xe ./Core/Src/stm32f4xx_it.o
                0x0000000008001c76                PendSV_Handler
 .text.SysTick_Handler
                0x0000000008001c84        0xc ./Core/Src/stm32f4xx_it.o
                0x0000000008001c84                SysTick_Handler
 .text.EXTI0_IRQHandler
                0x0000000008001c90        0xe ./Core/Src/stm32f4xx_it.o
                0x0000000008001c90                EXTI0_IRQHandler
 .text.EXTI1_IRQHandler
                0x0000000008001c9e        0xe ./Core/Src/stm32f4xx_it.o
                0x0000000008001c9e                EXTI1_IRQHandler
 .text.EXTI4_IRQHandler
                0x0000000008001cac        0xe ./Core/Src/stm32f4xx_it.o
                0x0000000008001cac                EXTI4_IRQHandler
 .text.EXTI9_5_IRQHandler
                0x0000000008001cba        0xe ./Core/Src/stm32f4xx_it.o
                0x0000000008001cba                EXTI9_5_IRQHandler
 .text.TIM1_BRK_TIM9_IRQHandler
                0x0000000008001cc8       0x14 ./Core/Src/stm32f4xx_it.o
                0x0000000008001cc8                TIM1_BRK_TIM9_IRQHandler
 .text.TIM1_UP_TIM10_IRQHandler
                0x0000000008001cdc       0x14 ./Core/Src/stm32f4xx_it.o
                0x0000000008001cdc                TIM1_UP_TIM10_IRQHandler
 .text.TIM1_TRG_COM_TIM11_IRQHandler
                0x0000000008001cf0       0x14 ./Core/Src/stm32f4xx_it.o
                0x0000000008001cf0                TIM1_TRG_COM_TIM11_IRQHandler
 .text.TIM1_CC_IRQHandler
                0x0000000008001d04       0x14 ./Core/Src/stm32f4xx_it.o
                0x0000000008001d04                TIM1_CC_IRQHandler
 .text.EXTI15_10_IRQHandler
                0x0000000008001d18       0x10 ./Core/Src/stm32f4xx_it.o
                0x0000000008001d18                EXTI15_10_IRQHandler
 .text.SystemInit
                0x0000000008001d28       0x24 ./Core/Src/system_stm32f4xx.o
                0x0000000008001d28                SystemInit
 .text.Reset_Handler
                0x0000000008001d4c       0x50 ./Core/Startup/startup_stm32f446retx.o
                0x0000000008001d4c                Reset_Handler
 .text.Default_Handler
                0x0000000008001d9c        0x2 ./Core/Startup/startup_stm32f446retx.o
                0x0000000008001d9c                RTC_Alarm_IRQHandler
                0x0000000008001d9c                EXTI2_IRQHandler
                0x0000000008001d9c                TIM8_CC_IRQHandler
                0x0000000008001d9c                FMPI2C1_EV_IRQHandler
                0x0000000008001d9c                SPI4_IRQHandler
                0x0000000008001d9c                DMA2_Stream5_IRQHandler
                0x0000000008001d9c                DMA1_Stream5_IRQHandler
                0x0000000008001d9c                PVD_IRQHandler
                0x0000000008001d9c                SDIO_IRQHandler
                0x0000000008001d9c                TAMP_STAMP_IRQHandler
                0x0000000008001d9c                CAN2_RX1_IRQHandler
                0x0000000008001d9c                EXTI3_IRQHandler
                0x0000000008001d9c                TIM8_TRG_COM_TIM14_IRQHandler
                0x0000000008001d9c                TIM8_UP_TIM13_IRQHandler
                0x0000000008001d9c                I2C3_ER_IRQHandler
                0x0000000008001d9c                I2C2_EV_IRQHandler
                0x0000000008001d9c                DMA1_Stream2_IRQHandler
                0x0000000008001d9c                CAN1_RX0_IRQHandler
                0x0000000008001d9c                FPU_IRQHandler
                0x0000000008001d9c                OTG_HS_WKUP_IRQHandler
                0x0000000008001d9c                CAN2_SCE_IRQHandler
                0x0000000008001d9c                DMA2_Stream2_IRQHandler
                0x0000000008001d9c                SPI1_IRQHandler
                0x0000000008001d9c                TIM6_DAC_IRQHandler
                0x0000000008001d9c                DCMI_IRQHandler
                0x0000000008001d9c                CAN2_RX0_IRQHandler
                0x0000000008001d9c                DMA2_Stream3_IRQHandler
                0x0000000008001d9c                SAI2_IRQHandler
                0x0000000008001d9c                USART6_IRQHandler
                0x0000000008001d9c                USART3_IRQHandler
                0x0000000008001d9c                CAN1_RX1_IRQHandler
                0x0000000008001d9c                UART5_IRQHandler
                0x0000000008001d9c                DMA2_Stream0_IRQHandler
                0x0000000008001d9c                TIM4_IRQHandler
                0x0000000008001d9c                QUADSPI_IRQHandler
                0x0000000008001d9c                I2C1_EV_IRQHandler
                0x0000000008001d9c                DMA1_Stream6_IRQHandler
                0x0000000008001d9c                DMA1_Stream1_IRQHandler
                0x0000000008001d9c                UART4_IRQHandler
                0x0000000008001d9c                TIM3_IRQHandler
                0x0000000008001d9c                RCC_IRQHandler
                0x0000000008001d9c                TIM8_BRK_TIM12_IRQHandler
                0x0000000008001d9c                Default_Handler
                0x0000000008001d9c                CEC_IRQHandler
                0x0000000008001d9c                ADC_IRQHandler
                0x0000000008001d9c                DMA1_Stream7_IRQHandler
                0x0000000008001d9c                TIM7_IRQHandler
                0x0000000008001d9c                CAN2_TX_IRQHandler
                0x0000000008001d9c                TIM5_IRQHandler
                0x0000000008001d9c                DMA2_Stream7_IRQHandler
                0x0000000008001d9c                I2C3_EV_IRQHandler
                0x0000000008001d9c                RTC_WKUP_IRQHandler
                0x0000000008001d9c                SPDIF_RX_IRQHandler
                0x0000000008001d9c                SPI2_IRQHandler
                0x0000000008001d9c                OTG_HS_EP1_IN_IRQHandler
                0x0000000008001d9c                DMA1_Stream0_IRQHandler
                0x0000000008001d9c                CAN1_TX_IRQHandler
                0x0000000008001d9c                FMPI2C1_ER_IRQHandler
                0x0000000008001d9c                OTG_HS_EP1_OUT_IRQHandler
                0x0000000008001d9c                WWDG_IRQHandler
                0x0000000008001d9c                TIM2_IRQHandler
                0x0000000008001d9c                OTG_FS_WKUP_IRQHandler
                0x0000000008001d9c                OTG_HS_IRQHandler
                0x0000000008001d9c                USART2_IRQHandler
                0x0000000008001d9c                I2C2_ER_IRQHandler
                0x0000000008001d9c                DMA2_Stream1_IRQHandler
                0x0000000008001d9c                CAN1_SCE_IRQHandler
                0x0000000008001d9c                FLASH_IRQHandler
                0x0000000008001d9c                DMA2_Stream4_IRQHandler
                0x0000000008001d9c                USART1_IRQHandler
                0x0000000008001d9c                OTG_FS_IRQHandler
                0x0000000008001d9c                SPI3_IRQHandler
                0x0000000008001d9c                DMA1_Stream4_IRQHandler
                0x0000000008001d9c                I2C1_ER_IRQHandler
                0x0000000008001d9c                FMC_IRQHandler
                0x0000000008001d9c                DMA2_Stream6_IRQHandler
                0x0000000008001d9c                SAI1_IRQHandler
                0x0000000008001d9c                DMA1_Stream3_IRQHandler
 *fill*         0x0000000008001d9e        0x2 
 .text.HAL_Init
                0x0000000008001da0       0x44 ./Drivers/STM32F4xx_HAL_Driver/Src/stm32f4xx_hal.o
                0x0000000008001da0                HAL_Init
 .text.HAL_InitTick
                0x0000000008001de4       0x60 ./Drivers/STM32F4xx_HAL_Driver/Src/stm32f4xx_hal.o
                0x0000000008001de4                HAL_InitTick
 .text.HAL_IncTick
                0x0000000008001e44       0x28 ./Drivers/STM32F4xx_HAL_Driver/Src/stm32f4xx_hal.o
                0x0000000008001e44                HAL_IncTick
 .text.HAL_GetTick
                0x0000000008001e6c       0x18 ./Drivers/STM32F4xx_HAL_Driver/Src/stm32f4xx_hal.o
                0x0000000008001e6c                HAL_GetTick
 .text.HAL_Delay
                0x0000000008001e84       0x48 ./Drivers/STM32F4xx_HAL_Driver/Src/stm32f4xx_hal.o
                0x0000000008001e84                HAL_Delay
 .text.__NVIC_SetPriorityGrouping
                0x0000000008001ecc       0x48 ./Drivers/STM32F4xx_HAL_Driver/Src/stm32f4xx_hal_cortex.o
 .text.__NVIC_GetPriorityGrouping
                0x0000000008001f14       0x1c ./Drivers/STM32F4xx_HAL_Driver/Src/stm32f4xx_hal_cortex.o
 .text.__NVIC_EnableIRQ
                0x0000000008001f30       0x3c ./Drivers/STM32F4xx_HAL_Driver/Src/stm32f4xx_hal_cortex.o
 .text.__NVIC_SetPriority
                0x0000000008001f6c       0x54 ./Drivers/STM32F4xx_HAL_Driver/Src/stm32f4xx_hal_cortex.o
 .text.NVIC_EncodePriority
                0x0000000008001fc0       0x66 ./Drivers/STM32F4xx_HAL_Driver/Src/stm32f4xx_hal_cortex.o
 *fill*         0x0000000008002026        0x2 
 .text.SysTick_Config
                0x0000000008002028       0x44 ./Drivers/STM32F4xx_HAL_Driver/Src/stm32f4xx_hal_cortex.o
 .text.HAL_NVIC_SetPriorityGrouping
                0x000000000800206c       0x16 ./Drivers/STM32F4xx_HAL_Driver/Src/stm32f4xx_hal_cortex.o
                0x000000000800206c                HAL_NVIC_SetPriorityGrouping
 .text.HAL_NVIC_SetPriority
                0x0000000008002082       0x38 ./Drivers/STM32F4xx_HAL_Driver/Src/stm32f4xx_hal_cortex.o
                0x0000000008002082                HAL_NVIC_SetPriority
 .text.HAL_NVIC_EnableIRQ
                0x00000000080020ba       0x1c ./Drivers/STM32F4xx_HAL_Driver/Src/stm32f4xx_hal_cortex.o
                0x00000000080020ba                HAL_NVIC_EnableIRQ
 .text.HAL_SYSTICK_Config
                0x00000000080020d6       0x18 ./Drivers/STM32F4xx_HAL_Driver/Src/stm32f4xx_hal_cortex.o
                0x00000000080020d6                HAL_SYSTICK_Config
 *fill*         0x00000000080020ee        0x2 
 .text.HAL_GPIO_Init
                0x00000000080020f0      0x328 ./Drivers/STM32F4xx_HAL_Driver/Src/stm32f4xx_hal_gpio.o
                0x00000000080020f0                HAL_GPIO_Init
 .text.HAL_GPIO_ReadPin
                0x0000000008002418       0x30 ./Drivers/STM32F4xx_HAL_Driver/Src/stm32f4xx_hal_gpio.o
                0x0000000008002418                HAL_GPIO_ReadPin
 .text.HAL_GPIO_WritePin
                0x0000000008002448       0x32 ./Drivers/STM32F4xx_HAL_Driver/Src/stm32f4xx_hal_gpio.o
                0x0000000008002448                HAL_GPIO_WritePin
 .text.HAL_GPIO_TogglePin
                0x000000000800247a       0x34 ./Drivers/STM32F4xx_HAL_Driver/Src/stm32f4xx_hal_gpio.o
                0x000000000800247a                HAL_GPIO_TogglePin
 *fill*         0x00000000080024ae        0x2 
 .text.HAL_GPIO_EXTI_IRQHandler
                0x00000000080024b0       0x30 ./Drivers/STM32F4xx_HAL_Driver/Src/stm32f4xx_hal_gpio.o
                0x00000000080024b0                HAL_GPIO_EXTI_IRQHandler
 .text.HAL_PWREx_EnableOverDrive
                0x00000000080024e0       0xa0 ./Drivers/STM32F4xx_HAL_Driver/Src/stm32f4xx_hal_pwr_ex.o
                0x00000000080024e0                HAL_PWREx_EnableOverDrive
 .text.HAL_RCC_ClockConfig
                0x0000000008002580      0x1cc ./Drivers/STM32F4xx_HAL_Driver/Src/stm32f4xx_hal_rcc.o
                0x0000000008002580                HAL_RCC_ClockConfig
 .text.HAL_RCC_GetHCLKFreq
                0x000000000800274c       0x18 ./Drivers/STM32F4xx_HAL_Driver/Src/stm32f4xx_hal_rcc.o
                0x000000000800274c                HAL_RCC_GetHCLKFreq
 .text.HAL_RCC_GetPCLK1Freq
                0x0000000008002764       0x28 ./Drivers/STM32F4xx_HAL_Driver/Src/stm32f4xx_hal_rcc.o
                0x0000000008002764                HAL_RCC_GetPCLK1Freq
 .text.HAL_RCC_GetPCLK2Freq
                0x000000000800278c       0x28 ./Drivers/STM32F4xx_HAL_Driver/Src/stm32f4xx_hal_rcc.o
                0x000000000800278c                HAL_RCC_GetPCLK2Freq
 .text.HAL_RCC_GetSysClockFreq
                0x00000000080027b4      0x364 ./Drivers/STM32F4xx_HAL_Driver/Src/stm32f4xx_hal_rcc_ex.o
                0x00000000080027b4                HAL_RCC_GetSysClockFreq
 .text.HAL_RCC_OscConfig
                0x0000000008002b18      0x53c ./Drivers/STM32F4xx_HAL_Driver/Src/stm32f4xx_hal_rcc_ex.o
                0x0000000008002b18                HAL_RCC_OscConfig
 .text.HAL_TIM_Base_Init
                0x0000000008003054       0x9e ./Drivers/STM32F4xx_HAL_Driver/Src/stm32f4xx_hal_tim.o
                0x0000000008003054                HAL_TIM_Base_Init
 *fill*         0x00000000080030f2        0x2 
 .text.HAL_TIM_Base_Start
                0x00000000080030f4       0xd0 ./Drivers/STM32F4xx_HAL_Driver/Src/stm32f4xx_hal_tim.o
                0x00000000080030f4                HAL_TIM_Base_Start
 .text.HAL_TIM_PWM_Init
                0x00000000080031c4       0x9e ./Drivers/STM32F4xx_HAL_Driver/Src/stm32f4xx_hal_tim.o
                0x00000000080031c4                HAL_TIM_PWM_Init
 .text.HAL_TIM_PWM_MspInit
                0x0000000008003262       0x14 ./Drivers/STM32F4xx_HAL_Driver/Src/stm32f4xx_hal_tim.o
                0x0000000008003262                HAL_TIM_PWM_MspInit
 *fill*         0x0000000008003276        0x2 
 .text.HAL_TIM_PWM_Start
                0x0000000008003278      0x190 ./Drivers/STM32F4xx_HAL_Driver/Src/stm32f4xx_hal_tim.o
                0x0000000008003278                HAL_TIM_PWM_Start
 .text.HAL_TIM_IRQHandler
                0x0000000008003408      0x210 ./Drivers/STM32F4xx_HAL_Driver/Src/stm32f4xx_hal_tim.o
                0x0000000008003408                HAL_TIM_IRQHandler
 .text.HAL_TIM_PWM_ConfigChannel
                0x0000000008003618      0x184 ./Drivers/STM32F4xx_HAL_Driver/Src/stm32f4xx_hal_tim.o
                0x0000000008003618                HAL_TIM_PWM_ConfigChannel
 .text.HAL_TIM_ConfigClockSource
                0x000000000800379c      0x18e ./Drivers/STM32F4xx_HAL_Driver/Src/stm32f4xx_hal_tim.o
                0x000000000800379c                HAL_TIM_ConfigClockSource
 .text.HAL_TIM_PeriodElapsedCallback
                0x000000000800392a       0x14 ./Drivers/STM32F4xx_HAL_Driver/Src/stm32f4xx_hal_tim.o
                0x000000000800392a                HAL_TIM_PeriodElapsedCallback
 .text.HAL_TIM_OC_DelayElapsedCallback
                0x000000000800393e       0x14 ./Drivers/STM32F4xx_HAL_Driver/Src/stm32f4xx_hal_tim.o
                0x000000000800393e                HAL_TIM_OC_DelayElapsedCallback
 .text.HAL_TIM_IC_CaptureCallback
                0x0000000008003952       0x14 ./Drivers/STM32F4xx_HAL_Driver/Src/stm32f4xx_hal_tim.o
                0x0000000008003952                HAL_TIM_IC_CaptureCallback
 .text.HAL_TIM_PWM_PulseFinishedCallback
                0x0000000008003966       0x14 ./Drivers/STM32F4xx_HAL_Driver/Src/stm32f4xx_hal_tim.o
                0x0000000008003966                HAL_TIM_PWM_PulseFinishedCallback
 .text.HAL_TIM_TriggerCallback
                0x000000000800397a       0x14 ./Drivers/STM32F4xx_HAL_Driver/Src/stm32f4xx_hal_tim.o
                0x000000000800397a                HAL_TIM_TriggerCallback
 *fill*         0x000000000800398e        0x2 
 .text.TIM_Base_SetConfig
                0x0000000008003990      0x140 ./Drivers/STM32F4xx_HAL_Driver/Src/stm32f4xx_hal_tim.o
                0x0000000008003990                TIM_Base_SetConfig
 .text.TIM_OC1_SetConfig
                0x0000000008003ad0       0xe0 ./Drivers/STM32F4xx_HAL_Driver/Src/stm32f4xx_hal_tim.o
 .text.TIM_OC2_SetConfig
                0x0000000008003bb0       0xec ./Drivers/STM32F4xx_HAL_Driver/Src/stm32f4xx_hal_tim.o
                0x0000000008003bb0                TIM_OC2_SetConfig
 .text.TIM_OC3_SetConfig
                0x0000000008003c9c       0xe8 ./Drivers/STM32F4xx_HAL_Driver/Src/stm32f4xx_hal_tim.o
 .text.TIM_OC4_SetConfig
                0x0000000008003d84       0xac ./Drivers/STM32F4xx_HAL_Driver/Src/stm32f4xx_hal_tim.o
 .text.TIM_TI1_ConfigInputStage
                0x0000000008003e30       0x5e ./Drivers/STM32F4xx_HAL_Driver/Src/stm32f4xx_hal_tim.o
 .text.TIM_TI2_ConfigInputStage
                0x0000000008003e8e       0x60 ./Drivers/STM32F4xx_HAL_Driver/Src/stm32f4xx_hal_tim.o
 .text.TIM_ITRx_SetConfig
                0x0000000008003eee       0x36 ./Drivers/STM32F4xx_HAL_Driver/Src/stm32f4xx_hal_tim.o
 .text.TIM_ETR_SetConfig
                0x0000000008003f24       0x40 ./Drivers/STM32F4xx_HAL_Driver/Src/stm32f4xx_hal_tim.o
                0x0000000008003f24                TIM_ETR_SetConfig
 .text.TIM_CCxChannelCmd
                0x0000000008003f64       0x4a ./Drivers/STM32F4xx_HAL_Driver/Src/stm32f4xx_hal_tim.o
                0x0000000008003f64                TIM_CCxChannelCmd
 *fill*         0x0000000008003fae        0x2 
 .text.HAL_TIMEx_MasterConfigSynchronization
                0x0000000008003fb0       0xf8 ./Drivers/STM32F4xx_HAL_Driver/Src/stm32f4xx_hal_tim_ex.o
                0x0000000008003fb0                HAL_TIMEx_MasterConfigSynchronization
 .text.HAL_TIMEx_ConfigBreakDeadTime
                0x00000000080040a8       0xa4 ./Drivers/STM32F4xx_HAL_Driver/Src/stm32f4xx_hal_tim_ex.o
                0x00000000080040a8                HAL_TIMEx_ConfigBreakDeadTime
 .text.HAL_TIMEx_CommutCallback
                0x000000000800414c       0x14 ./Drivers/STM32F4xx_HAL_Driver/Src/stm32f4xx_hal_tim_ex.o
                0x000000000800414c                HAL_TIMEx_CommutCallback
 .text.HAL_TIMEx_BreakCallback
                0x0000000008004160       0x14 ./Drivers/STM32F4xx_HAL_Driver/Src/stm32f4xx_hal_tim_ex.o
                0x0000000008004160                HAL_TIMEx_BreakCallback
 .text.HAL_UART_Init
                0x0000000008004174       0x9a ./Drivers/STM32F4xx_HAL_Driver/Src/stm32f4xx_hal_uart.o
                0x0000000008004174                HAL_UART_Init
 *fill*         0x000000000800420e        0x2 
 .text.UART_SetConfig
                0x0000000008004210      0x390 ./Drivers/STM32F4xx_HAL_Driver/Src/stm32f4xx_hal_uart.o
 .text.__libc_init_array
                0x00000000080045a0       0x48 c:/st/stm32cubeide_1.7.0/stm32cubeide/plugins/com.st.stm32cube.ide.mcu.externaltools.gnu-tools-for-stm32.9-2020-q2-update.win32_2.0.0.202105311346/tools/bin/../lib/gcc/arm-none-eabi/9.3.1/../../../../arm-none-eabi/lib/thumb/v7e-m+fp/hard\libc_nano.a(lib_a-init.o)
                0x00000000080045a0                __libc_init_array
 .text.__itoa   0x00000000080045e8       0x30 c:/st/stm32cubeide_1.7.0/stm32cubeide/plugins/com.st.stm32cube.ide.mcu.externaltools.gnu-tools-for-stm32.9-2020-q2-update.win32_2.0.0.202105311346/tools/bin/../lib/gcc/arm-none-eabi/9.3.1/../../../../arm-none-eabi/lib/thumb/v7e-m+fp/hard\libc_nano.a(lib_a-itoa.o)
                0x00000000080045e8                __itoa
 .text.itoa     0x0000000008004618        0x4 c:/st/stm32cubeide_1.7.0/stm32cubeide/plugins/com.st.stm32cube.ide.mcu.externaltools.gnu-tools-for-stm32.9-2020-q2-update.win32_2.0.0.202105311346/tools/bin/../lib/gcc/arm-none-eabi/9.3.1/../../../../arm-none-eabi/lib/thumb/v7e-m+fp/hard\libc_nano.a(lib_a-itoa.o)
                0x0000000008004618                itoa
 .text.memset   0x000000000800461c       0x10 c:/st/stm32cubeide_1.7.0/stm32cubeide/plugins/com.st.stm32cube.ide.mcu.externaltools.gnu-tools-for-stm32.9-2020-q2-update.win32_2.0.0.202105311346/tools/bin/../lib/gcc/arm-none-eabi/9.3.1/../../../../arm-none-eabi/lib/thumb/v7e-m+fp/hard\libc_nano.a(lib_a-memset.o)
                0x000000000800461c                memset
 .text.__utoa   0x000000000800462c       0x84 c:/st/stm32cubeide_1.7.0/stm32cubeide/plugins/com.st.stm32cube.ide.mcu.externaltools.gnu-tools-for-stm32.9-2020-q2-update.win32_2.0.0.202105311346/tools/bin/../lib/gcc/arm-none-eabi/9.3.1/../../../../arm-none-eabi/lib/thumb/v7e-m+fp/hard\libc_nano.a(lib_a-utoa.o)
                0x000000000800462c                __utoa
 *(.glue_7)
 .glue_7        0x00000000080046b0        0x0 linker stubs
 *(.glue_7t)
 .glue_7t       0x00000000080046b0        0x0 linker stubs
 *(.eh_frame)
 .eh_frame      0x00000000080046b0        0x0 c:/st/stm32cubeide_1.7.0/stm32cubeide/plugins/com.st.stm32cube.ide.mcu.externaltools.gnu-tools-for-stm32.9-2020-q2-update.win32_2.0.0.202105311346/tools/bin/../lib/gcc/arm-none-eabi/9.3.1/thumb/v7e-m+fp/hard/crtbegin.o
 *(.init)
 .init          0x00000000080046b0        0x4 c:/st/stm32cubeide_1.7.0/stm32cubeide/plugins/com.st.stm32cube.ide.mcu.externaltools.gnu-tools-for-stm32.9-2020-q2-update.win32_2.0.0.202105311346/tools/bin/../lib/gcc/arm-none-eabi/9.3.1/thumb/v7e-m+fp/hard/crti.o
                0x00000000080046b0                _init
 .init          0x00000000080046b4        0x8 c:/st/stm32cubeide_1.7.0/stm32cubeide/plugins/com.st.stm32cube.ide.mcu.externaltools.gnu-tools-for-stm32.9-2020-q2-update.win32_2.0.0.202105311346/tools/bin/../lib/gcc/arm-none-eabi/9.3.1/thumb/v7e-m+fp/hard/crtn.o
 *(.fini)
 .fini          0x00000000080046bc        0x4 c:/st/stm32cubeide_1.7.0/stm32cubeide/plugins/com.st.stm32cube.ide.mcu.externaltools.gnu-tools-for-stm32.9-2020-q2-update.win32_2.0.0.202105311346/tools/bin/../lib/gcc/arm-none-eabi/9.3.1/thumb/v7e-m+fp/hard/crti.o
                0x00000000080046bc                _fini
 .fini          0x00000000080046c0        0x8 c:/st/stm32cubeide_1.7.0/stm32cubeide/plugins/com.st.stm32cube.ide.mcu.externaltools.gnu-tools-for-stm32.9-2020-q2-update.win32_2.0.0.202105311346/tools/bin/../lib/gcc/arm-none-eabi/9.3.1/thumb/v7e-m+fp/hard/crtn.o
                0x00000000080046c8                . = ALIGN (0x4)
                0x00000000080046c8                _etext = .

.vfp11_veneer   0x00000000080046c8        0x0
 .vfp11_veneer  0x00000000080046c8        0x0 linker stubs

.v4_bx          0x00000000080046c8        0x0
 .v4_bx         0x00000000080046c8        0x0 linker stubs

.iplt           0x00000000080046c8        0x0
 .iplt          0x00000000080046c8        0x0 c:/st/stm32cubeide_1.7.0/stm32cubeide/plugins/com.st.stm32cube.ide.mcu.externaltools.gnu-tools-for-stm32.9-2020-q2-update.win32_2.0.0.202105311346/tools/bin/../lib/gcc/arm-none-eabi/9.3.1/thumb/v7e-m+fp/hard/crtbegin.o

.rodata         0x00000000080046c8      0x164
                0x00000000080046c8                . = ALIGN (0x4)
 *(.rodata)
 .rodata        0x00000000080046c8      0x122 ./Core/Src/main.o
 *(.rodata*)
 *fill*         0x00000000080047ea        0x2 
 .rodata.AHBPrescTable
                0x00000000080047ec       0x10 ./Core/Src/system_stm32f4xx.o
                0x00000000080047ec                AHBPrescTable
 .rodata.APBPrescTable
                0x00000000080047fc        0x8 ./Core/Src/system_stm32f4xx.o
                0x00000000080047fc                APBPrescTable
 .rodata.__utoa.str1.1
                0x0000000008004804       0x25 c:/st/stm32cubeide_1.7.0/stm32cubeide/plugins/com.st.stm32cube.ide.mcu.externaltools.gnu-tools-for-stm32.9-2020-q2-update.win32_2.0.0.202105311346/tools/bin/../lib/gcc/arm-none-eabi/9.3.1/../../../../arm-none-eabi/lib/thumb/v7e-m+fp/hard\libc_nano.a(lib_a-utoa.o)
                0x000000000800482c                . = ALIGN (0x4)
 *fill*         0x0000000008004829        0x3 

.ARM.extab      0x000000000800482c        0x0
                0x000000000800482c                . = ALIGN (0x4)
 *(.ARM.extab* .gnu.linkonce.armextab.*)
                0x000000000800482c                . = ALIGN (0x4)

.ARM            0x000000000800482c        0x8
                0x000000000800482c                . = ALIGN (0x4)
                0x000000000800482c                __exidx_start = .
 *(.ARM.exidx*)
 .ARM.exidx     0x000000000800482c        0x8 c:/st/stm32cubeide_1.7.0/stm32cubeide/plugins/com.st.stm32cube.ide.mcu.externaltools.gnu-tools-for-stm32.9-2020-q2-update.win32_2.0.0.202105311346/tools/bin/../lib/gcc/arm-none-eabi/9.3.1/thumb/v7e-m+fp/hard\libgcc.a(_udivmoddi4.o)
                0x0000000008004834                __exidx_end = .
                0x0000000008004834                . = ALIGN (0x4)

.rel.dyn        0x0000000008004834        0x0
 .rel.iplt      0x0000000008004834        0x0 c:/st/stm32cubeide_1.7.0/stm32cubeide/plugins/com.st.stm32cube.ide.mcu.externaltools.gnu-tools-for-stm32.9-2020-q2-update.win32_2.0.0.202105311346/tools/bin/../lib/gcc/arm-none-eabi/9.3.1/thumb/v7e-m+fp/hard/crtbegin.o

.preinit_array  0x0000000008004834        0x0
                0x0000000008004834                . = ALIGN (0x4)
                0x0000000008004834                PROVIDE (__preinit_array_start = .)
 *(.preinit_array*)
                0x0000000008004834                PROVIDE (__preinit_array_end = .)
                0x0000000008004834                . = ALIGN (0x4)

.init_array     0x0000000008004834        0x4
                0x0000000008004834                . = ALIGN (0x4)
                0x0000000008004834                PROVIDE (__init_array_start = .)
 *(SORT_BY_NAME(.init_array.*))
 *(.init_array*)
 .init_array    0x0000000008004834        0x4 c:/st/stm32cubeide_1.7.0/stm32cubeide/plugins/com.st.stm32cube.ide.mcu.externaltools.gnu-tools-for-stm32.9-2020-q2-update.win32_2.0.0.202105311346/tools/bin/../lib/gcc/arm-none-eabi/9.3.1/thumb/v7e-m+fp/hard/crtbegin.o
                0x0000000008004838                PROVIDE (__init_array_end = .)
                0x0000000008004838                . = ALIGN (0x4)

.fini_array     0x0000000008004838        0x4
                0x0000000008004838                . = ALIGN (0x4)
                [!provide]                        PROVIDE (__fini_array_start = .)
 *(SORT_BY_NAME(.fini_array.*))
 *(.fini_array*)
 .fini_array    0x0000000008004838        0x4 c:/st/stm32cubeide_1.7.0/stm32cubeide/plugins/com.st.stm32cube.ide.mcu.externaltools.gnu-tools-for-stm32.9-2020-q2-update.win32_2.0.0.202105311346/tools/bin/../lib/gcc/arm-none-eabi/9.3.1/thumb/v7e-m+fp/hard/crtbegin.o
                [!provide]                        PROVIDE (__fini_array_end = .)
                0x000000000800483c                . = ALIGN (0x4)
                0x000000000800483c                _sidata = LOADADDR (.data)

.data           0x0000000020000000      0x404 load address 0x000000000800483c
                0x0000000020000000                . = ALIGN (0x4)
                0x0000000020000000                _sdata = .
 *(.data)
 *(.data*)
 .data.CH       0x0000000020000000      0x3f8 ./Core/Src/max_matrix_stm32.o
                0x0000000020000000                CH
 .data.SystemCoreClock
                0x00000000200003f8        0x4 ./Core/Src/system_stm32f4xx.o
                0x00000000200003f8                SystemCoreClock
 .data.uwTickPrio
                0x00000000200003fc        0x4 ./Drivers/STM32F4xx_HAL_Driver/Src/stm32f4xx_hal.o
                0x00000000200003fc                uwTickPrio
 .data.uwTickFreq
                0x0000000020000400        0x1 ./Drivers/STM32F4xx_HAL_Driver/Src/stm32f4xx_hal.o
                0x0000000020000400                uwTickFreq
 *(.RamFunc)
 *(.RamFunc*)
                0x0000000020000404                . = ALIGN (0x4)
 *fill*         0x0000000020000401        0x3 
                0x0000000020000404                _edata = .

.igot.plt       0x0000000020000404        0x0 load address 0x0000000008004c40
 .igot.plt      0x0000000020000404        0x0 c:/st/stm32cubeide_1.7.0/stm32cubeide/plugins/com.st.stm32cube.ide.mcu.externaltools.gnu-tools-for-stm32.9-2020-q2-update.win32_2.0.0.202105311346/tools/bin/../lib/gcc/arm-none-eabi/9.3.1/thumb/v7e-m+fp/hard/crtbegin.o
                0x0000000020000404                . = ALIGN (0x4)

.bss            0x0000000020000404      0x268 load address 0x0000000008004c40
                0x0000000020000404                _sbss = .
                0x0000000020000404                __bss_start__ = _sbss
 *(.bss)
 .bss           0x0000000020000404       0x1c c:/st/stm32cubeide_1.7.0/stm32cubeide/plugins/com.st.stm32cube.ide.mcu.externaltools.gnu-tools-for-stm32.9-2020-q2-update.win32_2.0.0.202105311346/tools/bin/../lib/gcc/arm-none-eabi/9.3.1/thumb/v7e-m+fp/hard/crtbegin.o
 *(.bss*)
 .bss.press     0x0000000020000420        0x4 ./Core/Src/main.o
                0x0000000020000420                press
 .bss.key       0x0000000020000424        0x4 ./Core/Src/main.o
                0x0000000020000424                key
 .bss.op        0x0000000020000428        0x4 ./Core/Src/main.o
                0x0000000020000428                op
 .bss.num1      0x000000002000042c        0x4 ./Core/Src/main.o
                0x000000002000042c                num1
 .bss.num2      0x0000000020000430        0x4 ./Core/Src/main.o
                0x0000000020000430                num2
 .bss.num3      0x0000000020000434        0x4 ./Core/Src/main.o
                0x0000000020000434                num3
 .bss.add       0x0000000020000438        0x4 ./Core/Src/main.o
                0x0000000020000438                add
 .bss.total     0x000000002000043c        0x4 ./Core/Src/main.o
                0x000000002000043c                total
 .bss.dinero    0x0000000020000440        0x4 ./Core/Src/main.o
                0x0000000020000440                dinero
 .bss.m1        0x0000000020000444        0x4 ./Core/Src/main.o
                0x0000000020000444                m1
 .bss.m2        0x0000000020000448        0x4 ./Core/Src/main.o
                0x0000000020000448                m2
 .bss.m3        0x000000002000044c        0x4 ./Core/Src/main.o
                0x000000002000044c                m3
 .bss.m4        0x0000000020000450        0x4 ./Core/Src/main.o
                0x0000000020000450                m4
 *(COMMON)
 COMMON         0x0000000020000454      0x174 ./Core/Src/main.o
                0x0000000020000454                string2
                0x0000000020000468                string7
                0x000000002000047c                string6
                0x0000000020000490                string5
                0x00000000200004a4                string4
                0x00000000200004b8                string1
                0x00000000200004cc                htim1
                0x0000000020000514                htim2
                0x000000002000055c                huart2
                0x00000000200005a0                string3
                0x00000000200005b4                string8
 COMMON         0x00000000200005c8       0xa0 ./Core/Src/max_matrix_stm32.o
                0x00000000200005c8                buffer_row
                0x0000000020000618                buffer
 COMMON         0x0000000020000668        0x4 ./Drivers/STM32F4xx_HAL_Driver/Src/stm32f4xx_hal.o
                0x0000000020000668                uwTick
                0x000000002000066c                . = ALIGN (0x4)
                0x000000002000066c                _ebss = .
                0x000000002000066c                __bss_end__ = _ebss

._user_heap_stack
                0x000000002000066c      0x604 load address 0x0000000008004c40
                0x0000000020000670                . = ALIGN (0x8)
 *fill*         0x000000002000066c        0x4 
                [!provide]                        PROVIDE (end = .)
                0x0000000020000670                PROVIDE (_end = .)
                0x0000000020000870                . = (. + _Min_Heap_Size)
 *fill*         0x0000000020000670      0x200 
                0x0000000020000c70                . = (. + _Min_Stack_Size)
 *fill*         0x0000000020000870      0x400 
                0x0000000020000c70                . = ALIGN (0x8)

/DISCARD/
 libc.a(*)
 libm.a(*)
 libgcc.a(*)

.ARM.attributes
                0x0000000000000000       0x30
 *(.ARM.attributes)
 .ARM.attributes
                0x0000000000000000       0x1e c:/st/stm32cubeide_1.7.0/stm32cubeide/plugins/com.st.stm32cube.ide.mcu.externaltools.gnu-tools-for-stm32.9-2020-q2-update.win32_2.0.0.202105311346/tools/bin/../lib/gcc/arm-none-eabi/9.3.1/thumb/v7e-m+fp/hard/crti.o
 .ARM.attributes
                0x000000000000001e       0x34 c:/st/stm32cubeide_1.7.0/stm32cubeide/plugins/com.st.stm32cube.ide.mcu.externaltools.gnu-tools-for-stm32.9-2020-q2-update.win32_2.0.0.202105311346/tools/bin/../lib/gcc/arm-none-eabi/9.3.1/thumb/v7e-m+fp/hard/crtbegin.o
 .ARM.attributes
                0x0000000000000052       0x34 ./Core/Src/LCD1602.o
 .ARM.attributes
                0x0000000000000086       0x34 ./Core/Src/main.o
 .ARM.attributes
                0x00000000000000ba       0x34 ./Core/Src/max_matrix_stm32.o
 .ARM.attributes
                0x00000000000000ee       0x34 ./Core/Src/stm32f4xx_hal_msp.o
 .ARM.attributes
                0x0000000000000122       0x34 ./Core/Src/stm32f4xx_it.o
 .ARM.attributes
                0x0000000000000156       0x34 ./Core/Src/system_stm32f4xx.o
 .ARM.attributes
                0x000000000000018a       0x21 ./Core/Startup/startup_stm32f446retx.o
 .ARM.attributes
                0x00000000000001ab       0x34 ./Drivers/STM32F4xx_HAL_Driver/Src/stm32f4xx_hal.o
 .ARM.attributes
                0x00000000000001df       0x34 ./Drivers/STM32F4xx_HAL_Driver/Src/stm32f4xx_hal_cortex.o
 .ARM.attributes
                0x0000000000000213       0x34 ./Drivers/STM32F4xx_HAL_Driver/Src/stm32f4xx_hal_gpio.o
 .ARM.attributes
                0x0000000000000247       0x34 ./Drivers/STM32F4xx_HAL_Driver/Src/stm32f4xx_hal_pwr_ex.o
 .ARM.attributes
                0x000000000000027b       0x34 ./Drivers/STM32F4xx_HAL_Driver/Src/stm32f4xx_hal_rcc.o
 .ARM.attributes
                0x00000000000002af       0x34 ./Drivers/STM32F4xx_HAL_Driver/Src/stm32f4xx_hal_rcc_ex.o
 .ARM.attributes
                0x00000000000002e3       0x34 ./Drivers/STM32F4xx_HAL_Driver/Src/stm32f4xx_hal_tim.o
 .ARM.attributes
                0x0000000000000317       0x34 ./Drivers/STM32F4xx_HAL_Driver/Src/stm32f4xx_hal_tim_ex.o
 .ARM.attributes
                0x000000000000034b       0x34 ./Drivers/STM32F4xx_HAL_Driver/Src/stm32f4xx_hal_uart.o
 .ARM.attributes
                0x000000000000037f       0x34 c:/st/stm32cubeide_1.7.0/stm32cubeide/plugins/com.st.stm32cube.ide.mcu.externaltools.gnu-tools-for-stm32.9-2020-q2-update.win32_2.0.0.202105311346/tools/bin/../lib/gcc/arm-none-eabi/9.3.1/../../../../arm-none-eabi/lib/thumb/v7e-m+fp/hard\libc_nano.a(lib_a-init.o)
 .ARM.attributes
                0x00000000000003b3       0x34 c:/st/stm32cubeide_1.7.0/stm32cubeide/plugins/com.st.stm32cube.ide.mcu.externaltools.gnu-tools-for-stm32.9-2020-q2-update.win32_2.0.0.202105311346/tools/bin/../lib/gcc/arm-none-eabi/9.3.1/../../../../arm-none-eabi/lib/thumb/v7e-m+fp/hard\libc_nano.a(lib_a-itoa.o)
 .ARM.attributes
                0x00000000000003e7       0x34 c:/st/stm32cubeide_1.7.0/stm32cubeide/plugins/com.st.stm32cube.ide.mcu.externaltools.gnu-tools-for-stm32.9-2020-q2-update.win32_2.0.0.202105311346/tools/bin/../lib/gcc/arm-none-eabi/9.3.1/../../../../arm-none-eabi/lib/thumb/v7e-m+fp/hard\libc_nano.a(lib_a-memset.o)
 .ARM.attributes
                0x000000000000041b       0x34 c:/st/stm32cubeide_1.7.0/stm32cubeide/plugins/com.st.stm32cube.ide.mcu.externaltools.gnu-tools-for-stm32.9-2020-q2-update.win32_2.0.0.202105311346/tools/bin/../lib/gcc/arm-none-eabi/9.3.1/../../../../arm-none-eabi/lib/thumb/v7e-m+fp/hard\libc_nano.a(lib_a-utoa.o)
 .ARM.attributes
                0x000000000000044f       0x1e c:/st/stm32cubeide_1.7.0/stm32cubeide/plugins/com.st.stm32cube.ide.mcu.externaltools.gnu-tools-for-stm32.9-2020-q2-update.win32_2.0.0.202105311346/tools/bin/../lib/gcc/arm-none-eabi/9.3.1/thumb/v7e-m+fp/hard\libgcc.a(_aeabi_uldivmod.o)
 .ARM.attributes
                0x000000000000046d       0x34 c:/st/stm32cubeide_1.7.0/stm32cubeide/plugins/com.st.stm32cube.ide.mcu.externaltools.gnu-tools-for-stm32.9-2020-q2-update.win32_2.0.0.202105311346/tools/bin/../lib/gcc/arm-none-eabi/9.3.1/thumb/v7e-m+fp/hard\libgcc.a(_udivmoddi4.o)
 .ARM.attributes
                0x00000000000004a1       0x1e c:/st/stm32cubeide_1.7.0/stm32cubeide/plugins/com.st.stm32cube.ide.mcu.externaltools.gnu-tools-for-stm32.9-2020-q2-update.win32_2.0.0.202105311346/tools/bin/../lib/gcc/arm-none-eabi/9.3.1/thumb/v7e-m+fp/hard\libgcc.a(_dvmd_tls.o)
 .ARM.attributes
                0x00000000000004bf       0x1e c:/st/stm32cubeide_1.7.0/stm32cubeide/plugins/com.st.stm32cube.ide.mcu.externaltools.gnu-tools-for-stm32.9-2020-q2-update.win32_2.0.0.202105311346/tools/bin/../lib/gcc/arm-none-eabi/9.3.1/thumb/v7e-m+fp/hard/crtn.o
OUTPUT(Proyecto final Micro.elf elf32-littlearm)
LOAD linker stubs
LOAD c:/st/stm32cubeide_1.7.0/stm32cubeide/plugins/com.st.stm32cube.ide.mcu.externaltools.gnu-tools-for-stm32.9-2020-q2-update.win32_2.0.0.202105311346/tools/bin/../lib/gcc/arm-none-eabi/9.3.1/../../../../arm-none-eabi/lib/thumb/v7e-m+fp/hard\libc.a
LOAD c:/st/stm32cubeide_1.7.0/stm32cubeide/plugins/com.st.stm32cube.ide.mcu.externaltools.gnu-tools-for-stm32.9-2020-q2-update.win32_2.0.0.202105311346/tools/bin/../lib/gcc/arm-none-eabi/9.3.1/../../../../arm-none-eabi/lib/thumb/v7e-m+fp/hard\libm.a
LOAD c:/st/stm32cubeide_1.7.0/stm32cubeide/plugins/com.st.stm32cube.ide.mcu.externaltools.gnu-tools-for-stm32.9-2020-q2-update.win32_2.0.0.202105311346/tools/bin/../lib/gcc/arm-none-eabi/9.3.1/thumb/v7e-m+fp/hard\libgcc.a

.debug_info     0x0000000000000000    0x1013b
 .debug_info    0x0000000000000000      0x95b ./Core/Src/LCD1602.o
 .debug_info    0x000000000000095b     0x1fa6 ./Core/Src/main.o
 .debug_info    0x0000000000002901      0x7a3 ./Core/Src/max_matrix_stm32.o
 .debug_info    0x00000000000030a4     0x108f ./Core/Src/stm32f4xx_hal_msp.o
 .debug_info    0x0000000000004133      0x8ae ./Core/Src/stm32f4xx_it.o
 .debug_info    0x00000000000049e1      0x5dc ./Core/Src/system_stm32f4xx.o
 .debug_info    0x0000000000004fbd       0x22 ./Core/Startup/startup_stm32f446retx.o
 .debug_info    0x0000000000004fdf      0xa08 ./Drivers/STM32F4xx_HAL_Driver/Src/stm32f4xx_hal.o
 .debug_info    0x00000000000059e7      0xef5 ./Drivers/STM32F4xx_HAL_Driver/Src/stm32f4xx_hal_cortex.o
 .debug_info    0x00000000000068dc      0x892 ./Drivers/STM32F4xx_HAL_Driver/Src/stm32f4xx_hal_gpio.o
 .debug_info    0x000000000000716e      0x7ca ./Drivers/STM32F4xx_HAL_Driver/Src/stm32f4xx_hal_pwr_ex.o
 .debug_info    0x0000000000007938      0x9db ./Drivers/STM32F4xx_HAL_Driver/Src/stm32f4xx_hal_rcc.o
 .debug_info    0x0000000000008313      0xa86 ./Drivers/STM32F4xx_HAL_Driver/Src/stm32f4xx_hal_rcc_ex.o
 .debug_info    0x0000000000008d99     0x2c22 ./Drivers/STM32F4xx_HAL_Driver/Src/stm32f4xx_hal_tim.o
 .debug_info    0x000000000000b9bb     0x15a2 ./Drivers/STM32F4xx_HAL_Driver/Src/stm32f4xx_hal_tim_ex.o
 .debug_info    0x000000000000cf5d     0x31de ./Drivers/STM32F4xx_HAL_Driver/Src/stm32f4xx_hal_uart.o

.debug_abbrev   0x0000000000000000     0x20a4
 .debug_abbrev  0x0000000000000000      0x1c5 ./Core/Src/LCD1602.o
 .debug_abbrev  0x00000000000001c5      0x332 ./Core/Src/main.o
 .debug_abbrev  0x00000000000004f7      0x204 ./Core/Src/max_matrix_stm32.o
 .debug_abbrev  0x00000000000006fb      0x1c8 ./Core/Src/stm32f4xx_hal_msp.o
 .debug_abbrev  0x00000000000008c3      0x190 ./Core/Src/stm32f4xx_it.o
 .debug_abbrev  0x0000000000000a53      0x145 ./Core/Src/system_stm32f4xx.o
 .debug_abbrev  0x0000000000000b98       0x12 ./Core/Startup/startup_stm32f446retx.o
 .debug_abbrev  0x0000000000000baa      0x1ed ./Drivers/STM32F4xx_HAL_Driver/Src/stm32f4xx_hal.o
 .debug_abbrev  0x0000000000000d97      0x33c ./Drivers/STM32F4xx_HAL_Driver/Src/stm32f4xx_hal_cortex.o
 .debug_abbrev  0x00000000000010d3      0x1f1 ./Drivers/STM32F4xx_HAL_Driver/Src/stm32f4xx_hal_gpio.o
 .debug_abbrev  0x00000000000012c4      0x1da ./Drivers/STM32F4xx_HAL_Driver/Src/stm32f4xx_hal_pwr_ex.o
 .debug_abbrev  0x000000000000149e      0x275 ./Drivers/STM32F4xx_HAL_Driver/Src/stm32f4xx_hal_rcc.o
 .debug_abbrev  0x0000000000001713      0x1e2 ./Drivers/STM32F4xx_HAL_Driver/Src/stm32f4xx_hal_rcc_ex.o
 .debug_abbrev  0x00000000000018f5      0x25e ./Drivers/STM32F4xx_HAL_Driver/Src/stm32f4xx_hal_tim.o
 .debug_abbrev  0x0000000000001b53      0x266 ./Drivers/STM32F4xx_HAL_Driver/Src/stm32f4xx_hal_tim_ex.o
 .debug_abbrev  0x0000000000001db9      0x2eb ./Drivers/STM32F4xx_HAL_Driver/Src/stm32f4xx_hal_uart.o

.debug_aranges  0x0000000000000000      0xd90
 .debug_aranges
                0x0000000000000000       0x58 ./Core/Src/LCD1602.o
 .debug_aranges
                0x0000000000000058       0x88 ./Core/Src/main.o
 .debug_aranges
                0x00000000000000e0       0x78 ./Core/Src/max_matrix_stm32.o
 .debug_aranges
                0x0000000000000158       0x48 ./Core/Src/stm32f4xx_hal_msp.o
 .debug_aranges
                0x00000000000001a0       0xa8 ./Core/Src/stm32f4xx_it.o
 .debug_aranges
                0x0000000000000248       0x28 ./Core/Src/system_stm32f4xx.o
 .debug_aranges
                0x0000000000000270       0x28 ./Core/Startup/startup_stm32f446retx.o
 .debug_aranges
                0x0000000000000298       0xf0 ./Drivers/STM32F4xx_HAL_Driver/Src/stm32f4xx_hal.o
 .debug_aranges
                0x0000000000000388      0x118 ./Drivers/STM32F4xx_HAL_Driver/Src/stm32f4xx_hal_cortex.o
 .debug_aranges
                0x00000000000004a0       0x58 ./Drivers/STM32F4xx_HAL_Driver/Src/stm32f4xx_hal_gpio.o
 .debug_aranges
                0x00000000000004f8       0x60 ./Drivers/STM32F4xx_HAL_Driver/Src/stm32f4xx_hal_pwr_ex.o
 .debug_aranges
                0x0000000000000558       0x88 ./Drivers/STM32F4xx_HAL_Driver/Src/stm32f4xx_hal_rcc.o
 .debug_aranges
                0x00000000000005e0       0x78 ./Drivers/STM32F4xx_HAL_Driver/Src/stm32f4xx_hal_rcc_ex.o
 .debug_aranges
                0x0000000000000658      0x3d0 ./Drivers/STM32F4xx_HAL_Driver/Src/stm32f4xx_hal_tim.o
 .debug_aranges
                0x0000000000000a28      0x168 ./Drivers/STM32F4xx_HAL_Driver/Src/stm32f4xx_hal_tim_ex.o
 .debug_aranges
                0x0000000000000b90      0x200 ./Drivers/STM32F4xx_HAL_Driver/Src/stm32f4xx_hal_uart.o

.debug_ranges   0x0000000000000000      0xcc8
 .debug_ranges  0x0000000000000000       0x48 ./Core/Src/LCD1602.o
 .debug_ranges  0x0000000000000048       0x78 ./Core/Src/main.o
 .debug_ranges  0x00000000000000c0       0x68 ./Core/Src/max_matrix_stm32.o
 .debug_ranges  0x0000000000000128       0x38 ./Core/Src/stm32f4xx_hal_msp.o
 .debug_ranges  0x0000000000000160       0x98 ./Core/Src/stm32f4xx_it.o
 .debug_ranges  0x00000000000001f8       0x18 ./Core/Src/system_stm32f4xx.o
 .debug_ranges  0x0000000000000210       0x20 ./Core/Startup/startup_stm32f446retx.o
 .debug_ranges  0x0000000000000230       0xe0 ./Drivers/STM32F4xx_HAL_Driver/Src/stm32f4xx_hal.o
 .debug_ranges  0x0000000000000310      0x108 ./Drivers/STM32F4xx_HAL_Driver/Src/stm32f4xx_hal_cortex.o
 .debug_ranges  0x0000000000000418       0x48 ./Drivers/STM32F4xx_HAL_Driver/Src/stm32f4xx_hal_gpio.o
 .debug_ranges  0x0000000000000460       0x50 ./Drivers/STM32F4xx_HAL_Driver/Src/stm32f4xx_hal_pwr_ex.o
 .debug_ranges  0x00000000000004b0       0x78 ./Drivers/STM32F4xx_HAL_Driver/Src/stm32f4xx_hal_rcc.o
 .debug_ranges  0x0000000000000528       0x68 ./Drivers/STM32F4xx_HAL_Driver/Src/stm32f4xx_hal_rcc_ex.o
 .debug_ranges  0x0000000000000590      0x3c0 ./Drivers/STM32F4xx_HAL_Driver/Src/stm32f4xx_hal_tim.o
 .debug_ranges  0x0000000000000950      0x158 ./Drivers/STM32F4xx_HAL_Driver/Src/stm32f4xx_hal_tim_ex.o
 .debug_ranges  0x0000000000000aa8      0x220 ./Drivers/STM32F4xx_HAL_Driver/Src/stm32f4xx_hal_uart.o

.debug_macro    0x0000000000000000    0x221f2
 .debug_macro   0x0000000000000000      0x232 ./Core/Src/LCD1602.o
 .debug_macro   0x0000000000000232      0xaa8 ./Core/Src/LCD1602.o
 .debug_macro   0x0000000000000cda      0x29b ./Core/Src/LCD1602.o
 .debug_macro   0x0000000000000f75       0x2e ./Core/Src/LCD1602.o
 .debug_macro   0x0000000000000fa3       0x28 ./Core/Src/LCD1602.o
 .debug_macro   0x0000000000000fcb       0x22 ./Core/Src/LCD1602.o
 .debug_macro   0x0000000000000fed       0x8e ./Core/Src/LCD1602.o
 .debug_macro   0x000000000000107b       0x51 ./Core/Src/LCD1602.o
 .debug_macro   0x00000000000010cc      0x103 ./Core/Src/LCD1602.o
 .debug_macro   0x00000000000011cf       0x6a ./Core/Src/LCD1602.o
 .debug_macro   0x0000000000001239      0x1df ./Core/Src/LCD1602.o
 .debug_macro   0x0000000000001418       0x1c ./Core/Src/LCD1602.o
 .debug_macro   0x0000000000001434       0x22 ./Core/Src/LCD1602.o
 .debug_macro   0x0000000000001456       0xdf ./Core/Src/LCD1602.o
 .debug_macro   0x0000000000001535     0x102d ./Core/Src/LCD1602.o
 .debug_macro   0x0000000000002562      0x11f ./Core/Src/LCD1602.o
 .debug_macro   0x0000000000002681    0x16749 ./Core/Src/LCD1602.o
 .debug_macro   0x0000000000018dca       0x6d ./Core/Src/LCD1602.o
 .debug_macro   0x0000000000018e37     0x3666 ./Core/Src/LCD1602.o
 .debug_macro   0x000000000001c49d      0x174 ./Core/Src/LCD1602.o
 .debug_macro   0x000000000001c611       0x5c ./Core/Src/LCD1602.o
 .debug_macro   0x000000000001c66d      0xc90 ./Core/Src/LCD1602.o
 .debug_macro   0x000000000001d2fd      0x9fe ./Core/Src/LCD1602.o
 .debug_macro   0x000000000001dcfb      0x116 ./Core/Src/LCD1602.o
 .debug_macro   0x000000000001de11      0x1a0 ./Core/Src/LCD1602.o
 .debug_macro   0x000000000001dfb1       0xa5 ./Core/Src/LCD1602.o
 .debug_macro   0x000000000001e056      0x16d ./Core/Src/LCD1602.o
 .debug_macro   0x000000000001e1c3      0x287 ./Core/Src/LCD1602.o
 .debug_macro   0x000000000001e44a       0x5f ./Core/Src/LCD1602.o
 .debug_macro   0x000000000001e4a9      0x236 ./Core/Src/LCD1602.o
 .debug_macro   0x000000000001e6df      0x132 ./Core/Src/LCD1602.o
 .debug_macro   0x000000000001e811      0x29c ./Core/Src/LCD1602.o
 .debug_macro   0x000000000001eaad       0x2e ./Core/Src/LCD1602.o
 .debug_macro   0x000000000001eadb      0x11a ./Core/Src/LCD1602.o
 .debug_macro   0x000000000001ebf5       0xe8 ./Core/Src/LCD1602.o
 .debug_macro   0x000000000001ecdd       0x89 ./Core/Src/LCD1602.o
 .debug_macro   0x000000000001ed66      0x8d1 ./Core/Src/LCD1602.o
 .debug_macro   0x000000000001f637       0x4d ./Core/Src/LCD1602.o
 .debug_macro   0x000000000001f684      0x295 ./Core/Src/LCD1602.o
 .debug_macro   0x000000000001f919      0x126 ./Core/Src/LCD1602.o
 .debug_macro   0x000000000001fa3f      0x390 ./Core/Src/main.o
 .debug_macro   0x000000000001fdcf       0x76 ./Core/Src/main.o
 .debug_macro   0x000000000001fe45       0x22 ./Core/Src/main.o
 .debug_macro   0x000000000001fe67       0x46 ./Core/Src/main.o
 .debug_macro   0x000000000001fead       0x52 ./Core/Src/main.o
 .debug_macro   0x000000000001feff       0x18 ./Core/Src/main.o
 .debug_macro   0x000000000001ff17       0x3c ./Core/Src/main.o
 .debug_macro   0x000000000001ff53       0x34 ./Core/Src/main.o
 .debug_macro   0x000000000001ff87       0x16 ./Core/Src/main.o
 .debug_macro   0x000000000001ff9d       0x35 ./Core/Src/main.o
 .debug_macro   0x000000000001ffd2      0x333 ./Core/Src/main.o
 .debug_macro   0x0000000000020305       0x10 ./Core/Src/main.o
 .debug_macro   0x0000000000020315       0x16 ./Core/Src/main.o
 .debug_macro   0x000000000002032b       0x43 ./Core/Src/main.o
 .debug_macro   0x000000000002036e       0x34 ./Core/Src/main.o
 .debug_macro   0x00000000000203a2       0x10 ./Core/Src/main.o
 .debug_macro   0x00000000000203b2       0x58 ./Core/Src/main.o
 .debug_macro   0x000000000002040a       0x71 ./Core/Src/main.o
 .debug_macro   0x000000000002047b       0x1c ./Core/Src/main.o
 .debug_macro   0x0000000000020497      0x12a ./Core/Src/main.o
 .debug_macro   0x00000000000205c1       0x10 ./Core/Src/main.o
 .debug_macro   0x00000000000205d1       0x1c ./Core/Src/main.o
 .debug_macro   0x00000000000205ed       0x52 ./Core/Src/main.o
 .debug_macro   0x000000000002063f       0x22 ./Core/Src/main.o
 .debug_macro   0x0000000000020661       0x10 ./Core/Src/main.o
 .debug_macro   0x0000000000020671       0x40 ./Core/Src/main.o
 .debug_macro   0x00000000000206b1       0xd5 ./Core/Src/main.o
 .debug_macro   0x0000000000020786       0x1c ./Core/Src/main.o
 .debug_macro   0x00000000000207a2       0x3d ./Core/Src/main.o
 .debug_macro   0x00000000000207df       0x16 ./Core/Src/main.o
 .debug_macro   0x00000000000207f5      0x145 ./Core/Src/main.o
 .debug_macro   0x000000000002093a       0x16 ./Core/Src/main.o
 .debug_macro   0x0000000000020950       0x16 ./Core/Src/main.o
 .debug_macro   0x0000000000020966       0x29 ./Core/Src/main.o
 .debug_macro   0x000000000002098f      0x1ef ./Core/Src/max_matrix_stm32.o
 .debug_macro   0x0000000000020b7e      0x1dd ./Core/Src/stm32f4xx_hal_msp.o
 .debug_macro   0x0000000000020d5b      0x1e7 ./Core/Src/stm32f4xx_it.o
 .debug_macro   0x0000000000020f42      0x1ce ./Core/Src/system_stm32f4xx.o
 .debug_macro   0x0000000000021110      0x22e ./Drivers/STM32F4xx_HAL_Driver/Src/stm32f4xx_hal.o
 .debug_macro   0x000000000002133e      0x1ce ./Drivers/STM32F4xx_HAL_Driver/Src/stm32f4xx_hal_cortex.o
 .debug_macro   0x000000000002150c      0x1d4 ./Drivers/STM32F4xx_HAL_Driver/Src/stm32f4xx_hal_gpio.o
 .debug_macro   0x00000000000216e0      0x1e6 ./Drivers/STM32F4xx_HAL_Driver/Src/stm32f4xx_hal_pwr_ex.o
 .debug_macro   0x00000000000218c6      0x1f2 ./Drivers/STM32F4xx_HAL_Driver/Src/stm32f4xx_hal_rcc.o
 .debug_macro   0x0000000000021ab8      0x1ce ./Drivers/STM32F4xx_HAL_Driver/Src/stm32f4xx_hal_rcc_ex.o
 .debug_macro   0x0000000000021c86      0x1cf ./Drivers/STM32F4xx_HAL_Driver/Src/stm32f4xx_hal_tim.o
 .debug_macro   0x0000000000021e55      0x1ce ./Drivers/STM32F4xx_HAL_Driver/Src/stm32f4xx_hal_tim_ex.o
 .debug_macro   0x0000000000022023      0x1cf ./Drivers/STM32F4xx_HAL_Driver/Src/stm32f4xx_hal_uart.o

.debug_line     0x0000000000000000     0xff8f
 .debug_line    0x0000000000000000      0x7eb ./Core/Src/LCD1602.o
 .debug_line    0x00000000000007eb      0xf3c ./Core/Src/main.o
 .debug_line    0x0000000000001727      0xb23 ./Core/Src/max_matrix_stm32.o
 .debug_line    0x000000000000224a      0x7a8 ./Core/Src/stm32f4xx_hal_msp.o
 .debug_line    0x00000000000029f2      0x861 ./Core/Src/stm32f4xx_it.o
 .debug_line    0x0000000000003253      0x748 ./Core/Src/system_stm32f4xx.o
 .debug_line    0x000000000000399b       0x88 ./Core/Startup/startup_stm32f446retx.o
 .debug_line    0x0000000000003a23      0x9ae ./Drivers/STM32F4xx_HAL_Driver/Src/stm32f4xx_hal.o
 .debug_line    0x00000000000043d1      0xc5d ./Drivers/STM32F4xx_HAL_Driver/Src/stm32f4xx_hal_cortex.o
 .debug_line    0x000000000000502e      0xb10 ./Drivers/STM32F4xx_HAL_Driver/Src/stm32f4xx_hal_gpio.o
 .debug_line    0x0000000000005b3e      0x8dd ./Drivers/STM32F4xx_HAL_Driver/Src/stm32f4xx_hal_pwr_ex.o
 .debug_line    0x000000000000641b      0xd36 ./Drivers/STM32F4xx_HAL_Driver/Src/stm32f4xx_hal_rcc.o
 .debug_line    0x0000000000007151     0x13bc ./Drivers/STM32F4xx_HAL_Driver/Src/stm32f4xx_hal_rcc_ex.o
 .debug_line    0x000000000000850d     0x36a2 ./Drivers/STM32F4xx_HAL_Driver/Src/stm32f4xx_hal_tim.o
 .debug_line    0x000000000000bbaf     0x19ab ./Drivers/STM32F4xx_HAL_Driver/Src/stm32f4xx_hal_tim_ex.o
 .debug_line    0x000000000000d55a     0x2a35 ./Drivers/STM32F4xx_HAL_Driver/Src/stm32f4xx_hal_uart.o

.debug_str      0x0000000000000000    0xd106a
 .debug_str     0x0000000000000000    0xc9323 ./Core/Src/LCD1602.o
                                      0xc9670 (size before relaxing)
 .debug_str     0x00000000000c9323     0x5065 ./Core/Src/main.o
                                      0xce63f (size before relaxing)
 .debug_str     0x00000000000ce388       0xdf ./Core/Src/max_matrix_stm32.o
                                      0xc9397 (size before relaxing)
 .debug_str     0x00000000000ce467       0xa5 ./Core/Src/stm32f4xx_hal_msp.o
                                      0xc9f6e (size before relaxing)
 .debug_str     0x00000000000ce50c      0x17b ./Core/Src/stm32f4xx_it.o
                                      0xc97b6 (size before relaxing)
 .debug_str     0x00000000000ce687       0xaf ./Core/Src/system_stm32f4xx.o
                                      0xc9132 (size before relaxing)
 .debug_str     0x00000000000ce736       0x36 ./Core/Startup/startup_stm32f446retx.o
                                         0x6a (size before relaxing)
 .debug_str     0x00000000000ce76c      0x58d ./Drivers/STM32F4xx_HAL_Driver/Src/stm32f4xx_hal.o
                                      0xc9c55 (size before relaxing)
 .debug_str     0x00000000000cecf9      0x399 ./Drivers/STM32F4xx_HAL_Driver/Src/stm32f4xx_hal_cortex.o
                                      0xc9a1f (size before relaxing)
 .debug_str     0x00000000000cf092      0x13f ./Drivers/STM32F4xx_HAL_Driver/Src/stm32f4xx_hal_gpio.o
                                      0xc92d9 (size before relaxing)
 .debug_str     0x00000000000cf1d1      0x135 ./Drivers/STM32F4xx_HAL_Driver/Src/stm32f4xx_hal_pwr_ex.o
                                      0xc932a (size before relaxing)
 .debug_str     0x00000000000cf306      0x259 ./Drivers/STM32F4xx_HAL_Driver/Src/stm32f4xx_hal_rcc.o
                                      0xc9539 (size before relaxing)
 .debug_str     0x00000000000cf55f      0x31c ./Drivers/STM32F4xx_HAL_Driver/Src/stm32f4xx_hal_rcc_ex.o
                                      0xc9596 (size before relaxing)
 .debug_str     0x00000000000cf87b      0xd91 ./Drivers/STM32F4xx_HAL_Driver/Src/stm32f4xx_hal_tim.o
                                      0xca43c (size before relaxing)
 .debug_str     0x00000000000d060c      0x45a ./Drivers/STM32F4xx_HAL_Driver/Src/stm32f4xx_hal_tim_ex.o
                                      0xc9bed (size before relaxing)
 .debug_str     0x00000000000d0a66      0x604 ./Drivers/STM32F4xx_HAL_Driver/Src/stm32f4xx_hal_uart.o
                                      0xc9a95 (size before relaxing)

.comment        0x0000000000000000       0x53
 .comment       0x0000000000000000       0x53 ./Core/Src/LCD1602.o
                                         0x54 (size before relaxing)
 .comment       0x0000000000000053       0x54 ./Core/Src/main.o
 .comment       0x0000000000000053       0x54 ./Core/Src/max_matrix_stm32.o
 .comment       0x0000000000000053       0x54 ./Core/Src/stm32f4xx_hal_msp.o
 .comment       0x0000000000000053       0x54 ./Core/Src/stm32f4xx_it.o
 .comment       0x0000000000000053       0x54 ./Core/Src/system_stm32f4xx.o
 .comment       0x0000000000000053       0x54 ./Drivers/STM32F4xx_HAL_Driver/Src/stm32f4xx_hal.o
 .comment       0x0000000000000053       0x54 ./Drivers/STM32F4xx_HAL_Driver/Src/stm32f4xx_hal_cortex.o
 .comment       0x0000000000000053       0x54 ./Drivers/STM32F4xx_HAL_Driver/Src/stm32f4xx_hal_gpio.o
 .comment       0x0000000000000053       0x54 ./Drivers/STM32F4xx_HAL_Driver/Src/stm32f4xx_hal_pwr_ex.o
 .comment       0x0000000000000053       0x54 ./Drivers/STM32F4xx_HAL_Driver/Src/stm32f4xx_hal_rcc.o
 .comment       0x0000000000000053       0x54 ./Drivers/STM32F4xx_HAL_Driver/Src/stm32f4xx_hal_rcc_ex.o
 .comment       0x0000000000000053       0x54 ./Drivers/STM32F4xx_HAL_Driver/Src/stm32f4xx_hal_tim.o
 .comment       0x0000000000000053       0x54 ./Drivers/STM32F4xx_HAL_Driver/Src/stm32f4xx_hal_tim_ex.o
 .comment       0x0000000000000053       0x54 ./Drivers/STM32F4xx_HAL_Driver/Src/stm32f4xx_hal_uart.o

.debug_frame    0x0000000000000000     0x38b4
 .debug_frame   0x0000000000000000      0x124 ./Core/Src/LCD1602.o
 .debug_frame   0x0000000000000124      0x1c0 ./Core/Src/main.o
 .debug_frame   0x00000000000002e4      0x1c0 ./Core/Src/max_matrix_stm32.o
 .debug_frame   0x00000000000004a4       0xe8 ./Core/Src/stm32f4xx_hal_msp.o
 .debug_frame   0x000000000000058c      0x200 ./Core/Src/stm32f4xx_it.o
 .debug_frame   0x000000000000078c       0x58 ./Core/Src/system_stm32f4xx.o
 .debug_frame   0x00000000000007e4      0x374 ./Drivers/STM32F4xx_HAL_Driver/Src/stm32f4xx_hal.o
 .debug_frame   0x0000000000000b58      0x498 ./Drivers/STM32F4xx_HAL_Driver/Src/stm32f4xx_hal_cortex.o
 .debug_frame   0x0000000000000ff0      0x14c ./Drivers/STM32F4xx_HAL_Driver/Src/stm32f4xx_hal_gpio.o
 .debug_frame   0x000000000000113c      0x14c ./Drivers/STM32F4xx_HAL_Driver/Src/stm32f4xx_hal_pwr_ex.o
 .debug_frame   0x0000000000001288      0x1f0 ./Drivers/STM32F4xx_HAL_Driver/Src/stm32f4xx_hal_rcc.o
 .debug_frame   0x0000000000001478      0x1e8 ./Drivers/STM32F4xx_HAL_Driver/Src/stm32f4xx_hal_rcc_ex.o
 .debug_frame   0x0000000000001660     0x11c4 ./Drivers/STM32F4xx_HAL_Driver/Src/stm32f4xx_hal_tim.o
 .debug_frame   0x0000000000002824      0x638 ./Drivers/STM32F4xx_HAL_Driver/Src/stm32f4xx_hal_tim_ex.o
 .debug_frame   0x0000000000002e5c      0x92c ./Drivers/STM32F4xx_HAL_Driver/Src/stm32f4xx_hal_uart.o
 .debug_frame   0x0000000000003788       0x2c c:/st/stm32cubeide_1.7.0/stm32cubeide/plugins/com.st.stm32cube.ide.mcu.externaltools.gnu-tools-for-stm32.9-2020-q2-update.win32_2.0.0.202105311346/tools/bin/../lib/gcc/arm-none-eabi/9.3.1/../../../../arm-none-eabi/lib/thumb/v7e-m+fp/hard\libc_nano.a(lib_a-init.o)
 .debug_frame   0x00000000000037b4       0x38 c:/st/stm32cubeide_1.7.0/stm32cubeide/plugins/com.st.stm32cube.ide.mcu.externaltools.gnu-tools-for-stm32.9-2020-q2-update.win32_2.0.0.202105311346/tools/bin/../lib/gcc/arm-none-eabi/9.3.1/../../../../arm-none-eabi/lib/thumb/v7e-m+fp/hard\libc_nano.a(lib_a-itoa.o)
 .debug_frame   0x00000000000037ec       0x20 c:/st/stm32cubeide_1.7.0/stm32cubeide/plugins/com.st.stm32cube.ide.mcu.externaltools.gnu-tools-for-stm32.9-2020-q2-update.win32_2.0.0.202105311346/tools/bin/../lib/gcc/arm-none-eabi/9.3.1/../../../../arm-none-eabi/lib/thumb/v7e-m+fp/hard\libc_nano.a(lib_a-memset.o)
 .debug_frame   0x000000000000380c       0x48 c:/st/stm32cubeide_1.7.0/stm32cubeide/plugins/com.st.stm32cube.ide.mcu.externaltools.gnu-tools-for-stm32.9-2020-q2-update.win32_2.0.0.202105311346/tools/bin/../lib/gcc/arm-none-eabi/9.3.1/../../../../arm-none-eabi/lib/thumb/v7e-m+fp/hard\libc_nano.a(lib_a-utoa.o)
 .debug_frame   0x0000000000003854       0x2c c:/st/stm32cubeide_1.7.0/stm32cubeide/plugins/com.st.stm32cube.ide.mcu.externaltools.gnu-tools-for-stm32.9-2020-q2-update.win32_2.0.0.202105311346/tools/bin/../lib/gcc/arm-none-eabi/9.3.1/thumb/v7e-m+fp/hard\libgcc.a(_aeabi_uldivmod.o)
 .debug_frame   0x0000000000003880       0x34 c:/st/stm32cubeide_1.7.0/stm32cubeide/plugins/com.st.stm32cube.ide.mcu.externaltools.gnu-tools-for-stm32.9-2020-q2-update.win32_2.0.0.202105311346/tools/bin/../lib/gcc/arm-none-eabi/9.3.1/thumb/v7e-m+fp/hard\libgcc.a(_udivmoddi4.o)
