main.c:94:6:stepper_stop	8	static
main.c:104:6:stepper_pines_iz	8	static
main.c:132:6:stepper_pines_der	8	static
main.c:160:6:pineskey	8	static
main.c:183:6:HAL_GPIO_EXTI_Callback	16	static
main.c:285:6:org	8	static
main.c:298:6:intro	8	static
main.c:318:5:main	32	static
main.c:666:6:SystemClock_Config	88	static
main.c:717:13:MX_TIM1_Init	96	static
main.c:792:13:MX_TIM2_Init	32	static
main.c:837:13:MX_USART2_UART_Init	8	static
main.c:870:13:MX_GPIO_Init	48	static
main.c:966:6:Error_Handler	4	static,ignoring_inline_asm
